FAIL test/notifications/dedup.test.js
  ΓùÅ Test suite failed to run

    Cannot find module '@opentelemetry/sdk-node' from 'src/utils/posthogLogger.js'

      at Resolver._throwModNotFoundError (node_modules/jest-resolve/build/index.js:863:11)

Test Suites: 1 failed, 1 total
Tests:       0 total
Snapshots:   0 total
Time:        0.947 s
Ran all test suites matching test/notifications/dedup.test.js.
(node:26844) ExperimentalWarning: VM Modules is an experimental feature and might change at any time
(Use `node --trace-warnings ...` to show where the warning was created)
